tests/test.bool.and.txt

///////////////////
// Symbol Table
///////////////////
 CONST_0   |   SYMBOL_CST = 3
 CONST_1   |   SYMBOL_CST = 4
 CONST_2   |   SYMBOL_CST = 6
 CONST_3   |   SYMBOL_CST = 2
 CONST_4   |   SYMBOL_CST = 1
       a   |   SYMBOL_INT
 CONST_5   |   SYMBOL_CST = 1
       b   |   SYMBOL_INT
 CONST_6   |   SYMBOL_CST = 3
 CONST_7   |   SYMBOL_CST = 4
 CONST_8   |   SYMBOL_CST = 6
 CONST_9   |   SYMBOL_CST = 2
CONST_10   |   SYMBOL_CST = 1
CONST_11   |   SYMBOL_CST = 1
///////////////////
// quad List
///////////////////
id:    0, IF CONST_0 < CONST_1 -> Goto -> QUAD     2
id:    1, Goto -> QUAD     5
id:    2, IF CONST_2 > CONST_3 -> Goto -> QUAD     4
id:    3, Goto -> QUAD     5
id:    4, operator: =, res:     a, right: CONST_4
id:    5, operator: =, res:     b, right: CONST_5
id:    6, IF CONST_6 < CONST_7 -> Goto -> QUAD     8
id:    7, Goto -> QUAD    11
id:    8, IF CONST_8 > CONST_9 -> Goto -> QUAD    11
id:    9, Goto -> QUAD    10
id:   10, operator: =, res:     a, right: CONST_10
id:   11, operator: =, res:     b, right: CONST_11
Cleaned 0 quad(s) with undefined branch
Cleaning...OK
YACC Exit code: 0



tests/test.bool.not.txt

///////////////////
// Symbol Table
///////////////////
 CONST_0   |   SYMBOL_CST = 4
 CONST_1   |   SYMBOL_CST = 3
 CONST_2   |   SYMBOL_CST = 1
       a   |   SYMBOL_INT
 CONST_3   |   SYMBOL_CST = 1
       b   |   SYMBOL_INT
 CONST_4   |   SYMBOL_CST = 3
       c   |   SYMBOL_INT
 CONST_5   |   SYMBOL_CST = 3
 CONST_6   |   SYMBOL_CST = 3
 CONST_7   |   SYMBOL_CST = 6
 CONST_8   |   SYMBOL_CST = 6
 CONST_9   |   SYMBOL_CST = 8
       e   |   SYMBOL_INT
CONST_10   |   SYMBOL_CST = 5
       p   |   SYMBOL_INT
///////////////////
// quad List
///////////////////
id:    0, IF CONST_0 < CONST_1 -> Goto -> QUAD     3
id:    1, Goto -> QUAD     2
id:    2, operator: =, res:     a, right: CONST_2
id:    3, operator: =, res:     b, right: CONST_3
id:    4, Goto -> QUAD     6
id:    5, operator: =, res:     c, right: CONST_4
id:    6, IF CONST_5 == CONST_6 -> Goto -> QUAD     8
id:    7, Goto -> QUAD    11
id:    8, IF CONST_7 == CONST_8 -> Goto -> QUAD    11
id:    9, Goto -> QUAD    10
id:   10, operator: =, res:     e, right: CONST_9
id:   11, operator: =, res:     p, right: CONST_10
Cleaned 0 quad(s) with undefined branch
Cleaning...OK
YACC Exit code: 0



tests/test.bool.or.txt

///////////////////
// Symbol Table
///////////////////
       a   |   SYMBOL_INT
       c   |   SYMBOL_INT
       b   |   SYMBOL_INT
       e   |   SYMBOL_INT
 CONST_0   |   SYMBOL_CST = 3
 CONST_1   |   SYMBOL_CST = 4
 CONST_2   |   SYMBOL_CST = 6
 CONST_3   |   SYMBOL_CST = 2
 CONST_4   |   SYMBOL_CST = 1
 CONST_5   |   SYMBOL_CST = 3
 CONST_6   |   SYMBOL_CST = 3
 CONST_7   |   SYMBOL_CST = 4
 CONST_8   |   SYMBOL_CST = 6
 CONST_9   |   SYMBOL_CST = 2
CONST_10   |   SYMBOL_CST = 1
CONST_11   |   SYMBOL_CST = 1
///////////////////
// quad List
///////////////////
id:    0, IF CONST_0 < CONST_1 -> Goto -> QUAD     4
id:    1, Goto -> QUAD     2
id:    2, IF CONST_2 > CONST_3 -> Goto -> QUAD     4
id:    3, Goto -> QUAD     5
id:    4, operator: =, res:     a, right: CONST_4
id:    5, operator: =, res:     c, right: CONST_5
id:    6, IF CONST_6 < CONST_7 -> Goto -> QUAD    10
id:    7, Goto -> QUAD     8
id:    8, IF CONST_8 > CONST_9 -> Goto -> QUAD    11
id:    9, Goto -> QUAD    10
id:   10, operator: =, res:     e, right: CONST_10
id:   11, operator: =, res:     b, right: CONST_11
Cleaned 0 quad(s) with undefined branch
Cleaning...OK
YACC Exit code: 0



tests/test.bools.txt

///////////////////
// Symbol Table
///////////////////
 CONST_0   |   SYMBOL_CST = 1
       a   |   SYMBOL_INT
       e   |   SYMBOL_INT
       f   |   SYMBOL_INT
 CONST_1   |   SYMBOL_CST = 2
 CONST_2   |   SYMBOL_CST = 2
 CONST_3   |   SYMBOL_CST = 3
 CONST_4   |   SYMBOL_CST = 100
 CONST_5   |   SYMBOL_CST = 90
 CONST_6   |   SYMBOL_CST = 0
 CONST_7   |   SYMBOL_CST = 6
 CONST_8   |   SYMBOL_CST = 6
  TEMP_0   |   SYMBOL_INT
 CONST_9   |   SYMBOL_CST = 6
CONST_10   |   SYMBOL_CST = 5
CONST_11   |   SYMBOL_CST = 9
CONST_12   |   SYMBOL_CST = 10
CONST_13   |   SYMBOL_CST = 500
CONST_14   |   SYMBOL_CST = 0
///////////////////
// quad List
///////////////////
id:    0, operator: =, res:     a, right: CONST_0
id:    1, Goto -> QUAD     2
id:    2, operator: =, res:     a, right: CONST_1
id:    3, IF     a == CONST_2 -> Goto -> QUAD     5
id:    4, Goto -> QUAD     6
id:    5, operator: =, res:     a, right: CONST_3
id:    6, Goto -> QUAD     8
id:    7, operator: =, res:     a, right: CONST_4
id:    8, IF     a >= CONST_5 -> Goto -> QUAD    10
id:    9, Goto -> QUAD    11
id:   10, operator: =, res:     a, right: CONST_6
id:   11, operator: +, res: TEMP_0, left: CONST_7, right: CONST_8
id:   12, IF CONST_9 == CONST_10 -> Goto -> QUAD    14
id:   13, Goto -> QUAD    19
id:   14, Goto -> QUAD    15
id:   15, Goto -> QUAD    16
id:   16, IF CONST_11 > CONST_12 -> Goto -> QUAD    19
id:   17, Goto -> QUAD    18
id:   18, operator: =, res:     e, right: CONST_13
id:   19, operator: =, res:     f, right: CONST_14
Cleaned 0 quad(s) with undefined branch
Cleaning...OK
YACC Exit code: 0



tests/test.bool.txt

///////////////////
// Symbol Table
///////////////////
       a   |   SYMBOL_INT
       b   |   SYMBOL_INT
 CONST_0   |   SYMBOL_CST = 5
 CONST_1   |   SYMBOL_CST = 5
 CONST_2   |   SYMBOL_CST = 5
 CONST_3   |   SYMBOL_CST = 1
  TEMP_0   |   SYMBOL_INT
 CONST_4   |   SYMBOL_CST = 6
 CONST_5   |   SYMBOL_CST = 4
 CONST_6   |   SYMBOL_CST = 4
///////////////////
// quad List
///////////////////
id:    0, operator: =, res:     a, right: CONST_0
id:    1, IF     a == CONST_1 -> Goto -> QUAD     3
id:    2, Goto -> QUAD     5
id:    3, operator: +, res: TEMP_0, left: CONST_2, right: CONST_3
id:    4, operator: =, res:     a, right: TEMP_0
id:    5, operator: =, res:     b, right: CONST_4
id:    6, IF     b == CONST_5 -> Goto -> QUAD     8
id:    7, Goto -> END
id:    8, operator: =, res:     b, right: CONST_6
Cleaned 1 quad(s) with undefined branch
Cleaning...OK
YACC Exit code: 0



tests/test.expr.txt

///////////////////
// Symbol Table
///////////////////
 CONST_0   |   SYMBOL_CST = 6
 CONST_1   |   SYMBOL_CST = 2
  TEMP_0   |   SYMBOL_INT
       a   |   SYMBOL_INT
       b   |   SYMBOL_INT
 CONST_2   |   SYMBOL_CST = 4
 CONST_3   |   SYMBOL_CST = 6
 CONST_4   |   SYMBOL_CST = 2
  TEMP_1   |   SYMBOL_INT
  TEMP_2   |   SYMBOL_INT
///////////////////
// quad List
///////////////////
id:    0, operator: +, res: TEMP_0, left: CONST_0, right: CONST_1
id:    1, operator: +, res: TEMP_1, left: CONST_3, right: CONST_4
id:    2, operator: *, res: TEMP_2, left: CONST_2, right: TEMP_1
id:    3, operator: =, res:     a, right: TEMP_2
id:    4, operator: =, res:     b, right:     a
Cleaned 0 quad(s) with undefined branch
Cleaning...OK
YACC Exit code: 0



tests/test.relops.txt

///////////////////
// Symbol Table
///////////////////
 CONST_0   |   SYMBOL_CST = 5
       a   |   SYMBOL_INT
 CONST_1   |   SYMBOL_CST = 3
       b   |   SYMBOL_INT
 CONST_2   |   SYMBOL_CST = 100
       c   |   SYMBOL_INT
 CONST_3   |   SYMBOL_CST = 10
 CONST_4   |   SYMBOL_CST = 0
 CONST_5   |   SYMBOL_CST = 0
 CONST_6   |   SYMBOL_CST = 200
 CONST_7   |   SYMBOL_CST = 100
 CONST_8   |   SYMBOL_CST = 500
 CONST_9   |   SYMBOL_CST = 100
///////////////////
// quad List
///////////////////
id:    0, operator: =, res:     a, right: CONST_0
id:    1, operator: =, res:     b, right: CONST_1
id:    2, operator: =, res:     c, right: CONST_2
id:    3, IF     a >=     b -> Goto -> QUAD     5
id:    4, Goto -> QUAD     6
id:    5, operator: =, res:     b, right: CONST_3
id:    6, IF     b >     a -> Goto -> QUAD     8
id:    7, Goto -> QUAD     9
id:    8, operator: =, res:     b, right: CONST_4
id:    9, IF     b == CONST_5 -> Goto -> QUAD    11
id:   10, Goto -> QUAD    12
id:   11, operator: =, res:     c, right: CONST_6
id:   12, IF     c != CONST_7 -> Goto -> QUAD    14
id:   13, Goto -> QUAD    15
id:   14, operator: =, res:     a, right:     c
id:   15, IF     a <=     c -> Goto -> QUAD    17
id:   16, Goto -> QUAD    18
id:   17, operator: =, res:     a, right: CONST_8
id:   18, IF     a <     c -> Goto -> QUAD    20
id:   19, Goto -> END
id:   20, operator: =, res:     a, right: CONST_9
Cleaned 1 quad(s) with undefined branch
Cleaning...OK
YACC Exit code: 0



